Here is value 1: Inside testIO
Returning 1
1
Here is value 2: Inside testIO
Returning 2
2
Here is value 1: 1
Here is value 2: 2
