Give a view direction in the form of: x,y,z
or 'quit' to stop
again: Give a view direction in the form of: x,y,z
or 'quit' to stop
