before fopen
after fopen
result is FD (F 0x0)
done.
