Enter a generator: ["aaaabcdefghijklmnopqrstuvwxyz","aababcdefghijklmnopqrstuvwxyz","aacabcdefghijklmnopqrstuvwxyz","aadabcdefghijklmnopqrstuvwxyz","aaeabcdefghijklmnopqrstuvwxyz","aafabcdefghijklmnopqrstuvwxyz","aagabcdefghijklmnopqrstuvwxyz","aahabcdefghijklmnopqrstuvwxyz","aaiabcdefghijklmnopqrstuvwxyz","aajabcdefghijklmnopqrstuvwxyz","abaabcdefghijklmnopqrstuvwxyz","abbabcdefghijklmnopqrstuvwxyz","abcabcdefghijklmnopqrstuvwxyz","abdabcdefghijklmnopqrstuvwxyz","abeabcdefghijklmnopqrstuvwxyz","abfabcdefghijklmnopqrstuvwxyz","abgabcdefghijklmnopqrstuvwxyz","abhabcdefghijklmnopqrstuvwxyz","abiabcdefghijklmnopqrstuvwxyz","abjabcdefghijklmnopqrstuvwxyz","acaabcdefghijklmnopqrstuvwxyz","acbabcdefghijklmnopqrstuvwxyz","accabcdefghijklmnopqrstuvwxyz","acdabcdefghijklmnopqrstuvwxyz","aceabcdefghijklmnopqrstuvwxyz","acfabcdefghijklmnopqrstuvwxyz","acgabcdefghijklmnopqrstuvwxyz","achabcdefghijklmnopqrstuvwxyz","aciabcdefghijklmnopqrstuvwxyz","acjabcdefghijklmnopqrstuvwxyz","adaabcdefghijklmnopqrstuvwxyz","adbabcdefghijklmnopqrstuvwxyz","adcabcdefghijklmnopqrstuvwxyz","addabcdefghijklmnopqrstuvwxyz","adeabcdefghijklmnopqrstuvwxyz","adfabcdefghijklmnopqrstuvwxyz","adgabcdefghijklmnopqrstuvwxyz","adhabcdefghijklmnopqrstuvwxyz","adiabcdefghijklmnopqrstuvwxyz","adjabcdefghijklmnopqrstuvwxyz","aeaabcdefghijklmnopqrstuvwxyz","aebabcdefghijklmnopqrstuvwxyz","aecabcdefghijklmnopqrstuvwxyz","aedabcdefghijklmnopqrstuvwxyz","aeeabcdefghijklmnopqrstuvwxyz","aefabcdefghijklmnopqrstuvwxyz","aegabcdefghijklmnopqrstuvwxyz","aehabcdefghijklmnopqrstuvwxyz","aeiabcdefghijklmnopqrstuvwxyz","aejabcdefghijklmnopqrstuvwxyz","afaabcdefghijklmnopqrstuvwxyz","afbabcdefghijklmnopqrstuvwxyz","afcabcdefghijklmnopqrstuvwxyz","afdabcdefghijklmnopqrstuvwxyz","afeabcdefghijklmnopqrstuvwxyz","affabcdefghijklmnopqrstuvwxyz","afgabcdefghijklmnopqrstuvwxyz","afhabcdefghijklmnopqrstuvwxyz","afiabcdefghijklmnopqrstuvwxyz","afjabcdefghijklmnopqrstuvwxyz","agaabcdefghijklmnopqrstuvwxyz","agbabcdefghijklmnopqrstuvwxyz","agcabcdefghijklmnopqrstuvwxyz","agdabcdefghijklmnopqrstuvwxyz","ageabcdefghijklmnopqrstuvwxyz","agfabcdefghijklmnopqrstuvwxyz","aggabcdefghijklmnopqrstuvwxyz","aghabcdefghijklmnopqrstuvwxyz","agiabcdefghijklmnopqrstuvwxyz","agjabcdefghijklmnopqrstuvwxyz","ahaabcdefghijklmnopqrstuvwxyz","ahbabcdefghijklmnopqrstuvwxyz","ahcabcdefghijklmnopqrstuvwxyz","ahdabcdefghijklmnopqrstuvwxyz","aheabcdefghijklmnopqrstuvwxyz","ahfabcdefghijklmnopqrstuvwxyz","ahgabcdefghijklmnopqrstuvwxyz","ahhabcdefghijklmnopqrstuvwxyz","ahiabcdefghijklmnopqrstuvwxyz","ahjabcdefghijklmnopqrstuvwxyz","aiaabcdefghijklmnopqrstuvwxyz","aibabcdefghijklmnopqrstuvwxyz","aicabcdefghijklmnopqrstuvwxyz","aidabcdefghijklmnopqrstuvwxyz","aieabcdefghijklmnopqrstuvwxyz","aifabcdefghijklmnopqrstuvwxyz","aigabcdefghijklmnopqrstuvwxyz","aihabcdefghijklmnopqrstuvwxyz","aiiabcdefghijklmnopqrstuvwxyz","aijabcdefghijklmnopqrstuvwxyz","ajaabcdefghijklmnopqrstuvwxyz","ajbabcdefghijklmnopqrstuvwxyz","ajcabcdefghijklmnopqrstuvwxyz","ajdabcdefghijklmnopqrstuvwxyz","ajeabcdefghijklmnopqrstuvwxyz","ajfabcdefghijklmnopqrstuvwxyz","ajgabcdefghijklmnopqrstuvwxyz","ajhabcdefghijklmnopqrstuvwxyz","ajiabcdefghijklmnopqrstuvwxyz","ajjabcdefghijklmnopqrstuvwxyz","baaabcdefghijklmnopqrstuvwxyz","bababcdefghijklmnopqrstuvwxyz","bacabcdefghijklmnopqrstuvwxyz","badabcdefghijklmnopqrstuvwxyz","baeabcdefghijklmnopqrstuvwxyz","bafabcdefghijklmnopqrstuvwxyz","bagabcdefghijklmnopqrstuvwxyz","bahabcdefghijklmnopqrstuvwxyz","baiabcdefghijklmnopqrstuvwxyz","bajabcdefghijklmnopqrstuvwxyz","bbaabcdefghijklmnopqrstuvwxyz","bbbabcdefghijklmnopqrstuvwxyz","bbcabcdefghijklmnopqrstuvwxyz","bbdabcdefghijklmnopqrstuvwxyz","bbeabcdefghijklmnopqrstuvwxyz","bbfabcdefghijklmnopqrstuvwxyz","bbgabcdefghijklmnopqrstuvwxyz","bbhabcdefghijklmnopqrstuvwxyz","bbiabcdefghijklmnopqrstuvwxyz","bbjabcdefghijklmnopqrstuvwxyz","bcaabcdefghijklmnopqrstuvwxyz","bcbabcdefghijklmnopqrstuvwxyz","bccabcdefghijklmnopqrstuvwxyz","bcdabcdefghijklmnopqrstuvwxyz","bceabcdefghijklmnopqrstuvwxyz","bcfabcdefghijklmnopqrstuvwxyz","bcgabcdefghijklmnopqrstuvwxyz","bchabcdefghijklmnopqrstuvwxyz","bciabcdefghijklmnopqrstuvwxyz","bcjabcdefghijklmnopqrstuvwxyz","bdaabcdefghijklmnopqrstuvwxyz","bdbabcdefghijklmnopqrstuvwxyz","bdcabcdefghijklmnopqrstuvwxyz","bddabcdefghijklmnopqrstuvwxyz","bdeabcdefghijklmnopqrstuvwxyz","bdfabcdefghijklmnopqrstuvwxyz","bdgabcdefghijklmnopqrstuvwxyz","bdhabcdefghijklmnopqrstuvwxyz","bdiabcdefghijklmnopqrstuvwxyz","bdjabcdefghijklmnopqrstuvwxyz","beaabcdefghijklmnopqrstuvwxyz","bebabcdefghijklmnopqrstuvwxyz","becabcdefghijklmnopqrstuvwxyz","bedabcdefghijklmnopqrstuvwxyz","beeabcdefghijklmnopqrstuvwxyz","befabcdefghijklmnopqrstuvwxyz","begabcdefghijklmnopqrstuvwxyz","behabcdefghijklmnopqrstuvwxyz","beiabcdefghijklmnopqrstuvwxyz","bejabcdefghijklmnopqrstuvwxyz","bfaabcdefghijklmnopqrstuvwxyz","bfbabcdefghijklmnopqrstuvwxyz","bfcabcdefghijklmnopqrstuvwxyz","bfdabcdefghijklmnopqrstuvwxyz","bfeabcdefghijklmnopqrstuvwxyz","bffabcdefghijklmnopqrstuvwxyz","bfgabcdefghijklmnopqrstuvwxyz","bfhabcdefghijklmnopqrstuvwxyz","bfiabcdefghijklmnopqrstuvwxyz","bfjabcdefghijklmnopqrstuvwxyz","bgaabcdefghijklmnopqrstuvwxyz","bgbabcdefghijklmnopqrstuvwxyz","bgcabcdefghijklmnopqrstuvwxyz","bgdabcdefghijklmnopqrstuvwxyz","bgeabcdefghijklmnopqrstuvwxyz","bgfabcdefghijklmnopqrstuvwxyz","bggabcdefghijklmnopqrstuvwxyz","bghabcdefghijklmnopqrstuvwxyz","bgiabcdefghijklmnopqrstuvwxyz","bgjabcdefghijklmnopqrstuvwxyz","bhaabcdefghijklmnopqrstuvwxyz","bhbabcdefghijklmnopqrstuvwxyz","bhcabcdefghijklmnopqrstuvwxyz","bhdabcdefghijklmnopqrstuvwxyz","bheabcdefghijklmnopqrstuvwxyz","bhfabcdefghijklmnopqrstuvwxyz","bhgabcdefghijklmnopqrstuvwxyz","bhhabcdefghijklmnopqrstuvwxyz","bhiabcdefghijklmnopqrstuvwxyz","bhjabcdefghijklmnopqrstuvwxyz","biaabcdefghijklmnopqrstuvwxyz","bibabcdefghijklmnopqrstuvwxyz","bicabcdefghijklmnopqrstuvwxyz","bidabcdefghijklmnopqrstuvwxyz","bieabcdefghijklmnopqrstuvwxyz","bifabcdefghijklmnopqrstuvwxyz","bigabcdefghijklmnopqrstuvwxyz","bihabcdefghijklmnopqrstuvwxyz","biiabcdefghijklmnopqrstuvwxyz","bijabcdefghijklmnopqrstuvwxyz","bjaabcdefghijklmnopqrstuvwxyz","bjbabcdefghijklmnopqrstuvwxyz","bjcabcdefghijklmnopqrstuvwxyz","bjdabcdefghijklmnopqrstuvwxyz","bjeabcdefghijklmnopqrstuvwxyz","bjfabcdefghijklmnopqrstuvwxyz","bjgabcdefghijklmnopqrstuvwxyz","bjhabcdefghijklmnopqrstuvwxyz","bjiabcdefghijklmnopqrstuvwxyz","bjjabcdefghijklmnopqrstuvwxyz","caaabcdefghijklmnopqrstuvwxyz","cababcdefghijklmnopqrstuvwxyz","cacabcdefghijklmnopqrstuvwxyz","cadabcdefghijklmnopqrstuvwxyz","caeabcdefghijklmnopqrstuvwxyz","cafabcdefghijklmnopqrstuvwxyz","cagabcdefghijklmnopqrstuvwxyz","cahabcdefghijklmnopqrstuvwxyz","caiabcdefghijklmnopqrstuvwxyz","cajabcdefghijklmnopqrstuvwxyz","cbaabcdefghijklmnopqrstuvwxyz","cbbabcdefghijklmnopqrstuvwxyz","cbcabcdefghijklmnopqrstuvwxyz","cbdabcdefghijklmnopqrstuvwxyz","cbeabcdefghijklmnopqrstuvwxyz","cbfabcdefghijklmnopqrstuvwxyz","cbgabcdefghijklmnopqrstuvwxyz","cbhabcdefghijklmnopqrstuvwxyz","cbiabcdefghijklmnopqrstuvwxyz","cbjabcdefghijklmnopqrstuvwxyz","ccaabcdefghijklmnopqrstuvwxyz","ccbabcdefghijklmnopqrstuvwxyz","cccabcdefghijklmnopqrstuvwxyz","ccdabcdefghijklmnopqrstuvwxyz","cceabcdefghijklmnopqrstuvwxyz","ccfabcdefghijklmnopqrstuvwxyz","ccgabcdefghijklmnopqrstuvwxyz","cchabcdefghijklmnopqrstuvwxyz","cciabcdefghijklmnopqrstuvwxyz","ccjabcdefghijklmnopqrstuvwxyz","cdaabcdefghijklmnopqrstuvwxyz","cdbabcdefghijklmnopqrstuvwxyz","cdcabcdefghijklmnopqrstuvwxyz","cddabcdefghijklmnopqrstuvwxyz","cdeabcdefghijklmnopqrstuvwxyz","cdfabcdefghijklmnopqrstuvwxyz","cdgabcdefghijklmnopqrstuvwxyz","cdhabcdefghijklmnopqrstuvwxyz","cdiabcdefghijklmnopqrstuvwxyz","cdjabcdefghijklmnopqrstuvwxyz","ceaabcdefghijklmnopqrstuvwxyz","cebabcdefghijklmnopqrstuvwxyz","cecabcdefghijklmnopqrstuvwxyz","cedabcdefghijklmnopqrstuvwxyz","ceeabcdefghijklmnopqrstuvwxyz","cefabcdefghijklmnopqrstuvwxyz","cegabcdefghijklmnopqrstuvwxyz","cehabcdefghijklmnopqrstuvwxyz","ceiabcdefghijklmnopqrstuvwxyz","cejabcdefghijklmnopqrstuvwxyz","cfaabcdefghijklmnopqrstuvwxyz","cfbabcdefghijklmnopqrstuvwxyz","cfcabcdefghijklmnopqrstuvwxyz","cfdabcdefghijklmnopqrstuvwxyz","cfeabcdefghijklmnopqrstuvwxyz","cffabcdefghijklmnopqrstuvwxyz","cfgabcdefghijklmnopqrstuvwxyz","cfhabcdefghijklmnopqrstuvwxyz","cfiabcdefghijklmnopqrstuvwxyz","cfjabcdefghijklmnopqrstuvwxyz","cgaabcdefghijklmnopqrstuvwxyz","cgbabcdefghijklmnopqrstuvwxyz","cgcabcdefghijklmnopqrstuvwxyz","cgdabcdefghijklmnopqrstuvwxyz","cgeabcdefghijklmnopqrstuvwxyz","cgfabcdefghijklmnopqrstuvwxyz","cggabcdefghijklmnopqrstuvwxyz","cghabcdefghijklmnopqrstuvwxyz","cgiabcdefghijklmnopqrstuvwxyz","cgjabcdefghijklmnopqrstuvwxyz","chaabcdefghijklmnopqrstuvwxyz","chbabcdefghijklmnopqrstuvwxyz","chcabcdefghijklmnopqrstuvwxyz","chdabcdefghijklmnopqrstuvwxyz","cheabcdefghijklmnopqrstuvwxyz","chfabcdefghijklmnopqrstuvwxyz","chgabcdefghijklmnopqrstuvwxyz","chhabcdefghijklmnopqrstuvwxyz","chiabcdefghijklmnopqrstuvwxyz","chjabcdefghijklmnopqrstuvwxyz","ciaabcdefghijklmnopqrstuvwxyz","cibabcdefghijklmnopqrstuvwxyz","cicabcdefghijklmnopqrstuvwxyz","cidabcdefghijklmnopqrstuvwxyz","cieabcdefghijklmnopqrstuvwxyz","cifabcdefghijklmnopqrstuvwxyz","cigabcdefghijklmnopqrstuvwxyz","cihabcdefghijklmnopqrstuvwxyz","ciiabcdefghijklmnopqrstuvwxyz","cijabcdefghijklmnopqrstuvwxyz","cjaabcdefghijklmnopqrstuvwxyz","cjbabcdefghijklmnopqrstuvwxyz","cjcabcdefghijklmnopqrstuvwxyz","cjdabcdefghijklmnopqrstuvwxyz","cjeabcdefghijklmnopqrstuvwxyz","cjfabcdefghijklmnopqrstuvwxyz","cjgabcdefghijklmnopqrstuvwxyz","cjhabcdefghijklmnopqrstuvwxyz","cjiabcdefghijklmnopqrstuvwxyz","cjjabcdefghijklmnopqrstuvwxyz","daaabcdefghijklmnopqrstuvwxyz","dababcdefghijklmnopqrstuvwxyz","dacabcdefghijklmnopqrstuvwxyz","dadabcdefghijklmnopqrstuvwxyz","daeabcdefghijklmnopqrstuvwxyz","dafabcdefghijklmnopqrstuvwxyz","dagabcdefghijklmnopqrstuvwxyz","dahabcdefghijklmnopqrstuvwxyz","daiabcdefghijklmnopqrstuvwxyz","dajabcdefghijklmnopqrstuvwxyz","dbaabcdefghijklmnopqrstuvwxyz","dbbabcdefghijklmnopqrstuvwxyz","dbcabcdefghijklmnopqrstuvwxyz","dbdabcdefghijklmnopqrstuvwxyz","dbeabcdefghijklmnopqrstuvwxyz","dbfabcdefghijklmnopqrstuvwxyz","dbgabcdefghijklmnopqrstuvwxyz","dbhabcdefghijklmnopqrstuvwxyz","dbiabcdefghijklmnopqrstuvwxyz","dbjabcdefghijklmnopqrstuvwxyz","dcaabcdefghijklmnopqrstuvwxyz","dcbabcdefghijklmnopqrstuvwxyz","dccabcdefghijklmnopqrstuvwxyz","dcdabcdefghijklmnopqrstuvwxyz","dceabcdefghijklmnopqrstuvwxyz","dcfabcdefghijklmnopqrstuvwxyz","dcgabcdefghijklmnopqrstuvwxyz","dchabcdefghijklmnopqrstuvwxyz","dciabcdefghijklmnopqrstuvwxyz","dcjabcdefghijklmnopqrstuvwxyz","ddaabcdefghijklmnopqrstuvwxyz","ddbabcdefghijklmnopqrstuvwxyz","ddcabcdefghijklmnopqrstuvwxyz","dddabcdefghijklmnopqrstuvwxyz","ddeabcdefghijklmnopqrstuvwxyz","ddfabcdefghijklmnopqrstuvwxyz","ddgabcdefghijklmnopqrstuvwxyz","ddhabcdefghijklmnopqrstuvwxyz","ddiabcdefghijklmnopqrstuvwxyz","ddjabcdefghijklmnopqrstuvwxyz","deaabcdefghijklmnopqrstuvwxyz","debabcdefghijklmnopqrstuvwxyz","decabcdefghijklmnopqrstuvwxyz","dedabcdefghijklmnopqrstuvwxyz","deeabcdefghijklmnopqrstuvwxyz","defabcdefghijklmnopqrstuvwxyz","degabcdefghijklmnopqrstuvwxyz","dehabcdefghijklmnopqrstuvwxyz","deiabcdefghijklmnopqrstuvwxyz","dejabcdefghijklmnopqrstuvwxyz","dfaabcdefghijklmnopqrstuvwxyz","dfbabcdefghijklmnopqrstuvwxyz","dfcabcdefghijklmnopqrstuvwxyz","dfdabcdefghijklmnopqrstuvwxyz","dfeabcdefghijklmnopqrstuvwxyz","dffabcdefghijklmnopqrstuvwxyz","dfgabcdefghijklmnopqrstuvwxyz","dfhabcdefghijklmnopqrstuvwxyz","dfiabcdefghijklmnopqrstuvwxyz","dfjabcdefghijklmnopqrstuvwxyz","dgaabcdefghijklmnopqrstuvwxyz","dgbabcdefghijklmnopqrstuvwxyz","dgcabcdefghijklmnopqrstuvwxyz","dgdabcdefghijklmnopqrstuvwxyz","dgeabcdefghijklmnopqrstuvwxyz","dgfabcdefghijklmnopqrstuvwxyz","dggabcdefghijklmnopqrstuvwxyz","dghabcdefghijklmnopqrstuvwxyz","dgiabcdefghijklmnopqrstuvwxyz","dgjabcdefghijklmnopqrstuvwxyz","dhaabcdefghijklmnopqrstuvwxyz","dhbabcdefghijklmnopqrstuvwxyz","dhcabcdefghijklmnopqrstuvwxyz","dhdabcdefghijklmnopqrstuvwxyz","dheabcdefghijklmnopqrstuvwxyz","dhfabcdefghijklmnopqrstuvwxyz","dhgabcdefghijklmnopqrstuvwxyz","dhhabcdefghijklmnopqrstuvwxyz","dhiabcdefghijklmnopqrstuvwxyz","dhjabcdefghijklmnopqrstuvwxyz","diaabcdefghijklmnopqrstuvwxyz","dibabcdefghijklmnopqrstuvwxyz","dicabcdefghijklmnopqrstuvwxyz","didabcdefghijklmnopqrstuvwxyz","dieabcdefghijklmnopqrstuvwxyz","difabcdefghijklmnopqrstuvwxyz","digabcdefghijklmnopqrstuvwxyz","dihabcdefghijklmnopqrstuvwxyz","diiabcdefghijklmnopqrstuvwxyz","dijabcdefghijklmnopqrstuvwxyz","djaabcdefghijklmnopqrstuvwxyz","djbabcdefghijklmnopqrstuvwxyz","djcabcdefghijklmnopqrstuvwxyz","djdabcdefghijklmnopqrstuvwxyz","djeabcdefghijklmnopqrstuvwxyz","djfabcdefghijklmnopqrstuvwxyz","djgabcdefghijklmnopqrstuvwxyz","djhabcdefghijklmnopqrstuvwxyz","djiabcdefghijklmnopqrstuvwxyz","djjabcdefghijklmnopqrstuvwxyz","eaaabcdefghijklmnopqrstuvwxyz","eababcdefghijklmnopqrstuvwxyz","eacabcdefghijklmnopqrstuvwxyz","eadabcdefghijklmnopqrstuvwxyz","eaeabcdefghijklmnopqrstuvwxyz","eafabcdefghijklmnopqrstuvwxyz","eagabcdefghijklmnopqrstuvwxyz","eahabcdefghijklmnopqrstuvwxyz","eaiabcdefghijklmnopqrstuvwxyz","eajabcdefghijklmnopqrstuvwxyz","ebaabcdefghijklmnopqrstuvwxyz","ebbabcdefghijklmnopqrstuvwxyz","ebcabcdefghijklmnopqrstuvwxyz","ebdabcdefghijklmnopqrstuvwxyz","ebeabcdefghijklmnopqrstuvwxyz","ebfabcdefghijklmnopqrstuvwxyz","ebgabcdefghijklmnopqrstuvwxyz","ebhabcdefghijklmnopqrstuvwxyz","ebiabcdefghijklmnopqrstuvwxyz","ebjabcdefghijklmnopqrstuvwxyz","ecaabcdefghijklmnopqrstuvwxyz","ecbabcdefghijklmnopqrstuvwxyz","eccabcdefghijklmnopqrstuvwxyz","ecdabcdefghijklmnopqrstuvwxyz","eceabcdefghijklmnopqrstuvwxyz","ecfabcdefghijklmnopqrstuvwxyz","ecgabcdefghijklmnopqrstuvwxyz","echabcdefghijklmnopqrstuvwxyz","eciabcdefghijklmnopqrstuvwxyz","ecjabcdefghijklmnopqrstuvwxyz","edaabcdefghijklmnopqrstuvwxyz","edbabcdefghijklmnopqrstuvwxyz","edcabcdefghijklmnopqrstuvwxyz","eddabcdefghijklmnopqrstuvwxyz","edeabcdefghijklmnopqrstuvwxyz","edfabcdefghijklmnopqrstuvwxyz","edgabcdefghijklmnopqrstuvwxyz","edhabcdefghijklmnopqrstuvwxyz","ediabcdefghijklmnopqrstuvwxyz","edjabcdefghijklmnopqrstuvwxyz","eeaabcdefghijklmnopqrstuvwxyz","eebabcdefghijklmnopqrstuvwxyz","eecabcdefghijklmnopqrstuvwxyz","eedabcdefghijklmnopqrstuvwxyz","eeeabcdefghijklmnopqrstuvwxyz","eefabcdefghijklmnopqrstuvwxyz","eegabcdefghijklmnopqrstuvwxyz","eehabcdefghijklmnopqrstuvwxyz","eeiabcdefghijklmnopqrstuvwxyz","eejabcdefghijklmnopqrstuvwxyz","efaabcdefghijklmnopqrstuvwxyz","efbabcdefghijklmnopqrstuvwxyz","efcabcdefghijklmnopqrstuvwxyz","efdabcdefghijklmnopqrstuvwxyz","efeabcdefghijklmnopqrstuvwxyz","effabcdefghijklmnopqrstuvwxyz","efgabcdefghijklmnopqrstuvwxyz","efhabcdefghijklmnopqrstuvwxyz","efiabcdefghijklmnopqrstuvwxyz","efjabcdefghijklmnopqrstuvwxyz","egaabcdefghijklmnopqrstuvwxyz","egbabcdefghijklmnopqrstuvwxyz","egcabcdefghijklmnopqrstuvwxyz","egdabcdefghijklmnopqrstuvwxyz","egeabcdefghijklmnopqrstuvwxyz","egfabcdefghijklmnopqrstuvwxyz","eggabcdefghijklmnopqrstuvwxyz","eghabcdefghijklmnopqrstuvwxyz","egiabcdefghijklmnopqrstuvwxyz","egjabcdefghijklmnopqrstuvwxyz","ehaabcdefghijklmnopqrstuvwxyz","ehbabcdefghijklmnopqrstuvwxyz","ehcabcdefghijklmnopqrstuvwxyz","ehdabcdefghijklmnopqrstuvwxyz","eheabcdefghijklmnopqrstuvwxyz","ehfabcdefghijklmnopqrstuvwxyz","ehgabcdefghijklmnopqrstuvwxyz","ehhabcdefghijklmnopqrstuvwxyz","ehiabcdefghijklmnopqrstuvwxyz","ehjabcdefghijklmnopqrstuvwxyz","eiaabcdefghijklmnopqrstuvwxyz","eibabcdefghijklmnopqrstuvwxyz","eicabcdefghijklmnopqrstuvwxyz","eidabcdefghijklmnopqrstuvwxyz","eieabcdefghijklmnopqrstuvwxyz","eifabcdefghijklmnopqrstuvwxyz","eigabcdefghijklmnopqrstuvwxyz","eihabcdefghijklmnopqrstuvwxyz","eiiabcdefghijklmnopqrstuvwxyz","eijabcdefghijklmnopqrstuvwxyz","ejaabcdefghijklmnopqrstuvwxyz","ejbabcdefghijklmnopqrstuvwxyz","ejcabcdefghijklmnopqrstuvwxyz","ejdabcdefghijklmnopqrstuvwxyz","ejeabcdefghijklmnopqrstuvwxyz","ejfabcdefghijklmnopqrstuvwxyz","ejgabcdefghijklmnopqrstuvwxyz","ejhabcdefghijklmnopqrstuvwxyz","ejiabcdefghijklmnopqrstuvwxyz","ejjabcdefghijklmnopqrstuvwxyz","faaabcdefghijklmnopqrstuvwxyz","fababcdefghijklmnopqrstuvwxyz","facabcdefghijklmnopqrstuvwxyz","fadabcdefghijklmnopqrstuvwxyz","faeabcdefghijklmnopqrstuvwxyz","fafabcdefghijklmnopqrstuvwxyz","fagabcdefghijklmnopqrstuvwxyz","fahabcdefghijklmnopqrstuvwxyz","faiabcdefghijklmnopqrstuvwxyz","fajabcdefghijklmnopqrstuvwxyz","fbaabcdefghijklmnopqrstuvwxyz","fbbabcdefghijklmnopqrstuvwxyz","fbcabcdefghijklmnopqrstuvwxyz","fbdabcdefghijklmnopqrstuvwxyz","fbeabcdefghijklmnopqrstuvwxyz","fbfabcdefghijklmnopqrstuvwxyz","fbgabcdefghijklmnopqrstuvwxyz","fbhabcdefghijklmnopqrstuvwxyz","fbiabcdefghijklmnopqrstuvwxyz","fbjabcdefghijklmnopqrstuvwxyz","fcaabcdefghijklmnopqrstuvwxyz","fcbabcdefghijklmnopqrstuvwxyz","fccabcdefghijklmnopqrstuvwxyz","fcdabcdefghijklmnopqrstuvwxyz","fceabcdefghijklmnopqrstuvwxyz","fcfabcdefghijklmnopqrstuvwxyz","fcgabcdefghijklmnopqrstuvwxyz","fchabcdefghijklmnopqrstuvwxyz","fciabcdefghijklmnopqrstuvwxyz","fcjabcdefghijklmnopqrstuvwxyz","fdaabcdefghijklmnopqrstuvwxyz","fdbabcdefghijklmnopqrstuvwxyz","fdcabcdefghijklmnopqrstuvwxyz","fddabcdefghijklmnopqrstuvwxyz","fdeabcdefghijklmnopqrstuvwxyz","fdfabcdefghijklmnopqrstuvwxyz","fdgabcdefghijklmnopqrstuvwxyz","fdhabcdefghijklmnopqrstuvwxyz","fdiabcdefghijklmnopqrstuvwxyz","fdjabcdefghijklmnopqrstuvwxyz","feaabcdefghijklmnopqrstuvwxyz","febabcdefghijklmnopqrstuvwxyz","fecabcdefghijklmnopqrstuvwxyz","fedabcdefghijklmnopqrstuvwxyz","feeabcdefghijklmnopqrstuvwxyz","fefabcdefghijklmnopqrstuvwxyz","fegabcdefghijklmnopqrstuvwxyz","fehabcdefghijklmnopqrstuvwxyz","feiabcdefghijklmnopqrstuvwxyz","fejabcdefghijklmnopqrstuvwxyz","ffaabcdefghijklmnopqrstuvwxyz","ffbabcdefghijklmnopqrstuvwxyz","ffcabcdefghijklmnopqrstuvwxyz","ffdabcdefghijklmnopqrstuvwxyz","ffeabcdefghijklmnopqrstuvwxyz","fffabcdefghijklmnopqrstuvwxyz","ffgabcdefghijklmnopqrstuvwxyz","ffhabcdefghijklmnopqrstuvwxyz","ffiabcdefghijklmnopqrstuvwxyz","ffjabcdefghijklmnopqrstuvwxyz","fgaabcdefghijklmnopqrstuvwxyz","fgbabcdefghijklmnopqrstuvwxyz","fgcabcdefghijklmnopqrstuvwxyz","fgdabcdefghijklmnopqrstuvwxyz","fgeabcdefghijklmnopqrstuvwxyz","fgfabcdefghijklmnopqrstuvwxyz","fggabcdefghijklmnopqrstuvwxyz","fghabcdefghijklmnopqrstuvwxyz","fgiabcdefghijklmnopqrstuvwxyz","fgjabcdefghijklmnopqrstuvwxyz","fhaabcdefghijklmnopqrstuvwxyz","fhbabcdefghijklmnopqrstuvwxyz","fhcabcdefghijklmnopqrstuvwxyz","fhdabcdefghijklmnopqrstuvwxyz","fheabcdefghijklmnopqrstuvwxyz","fhfabcdefghijklmnopqrstuvwxyz","fhgabcdefghijklmnopqrstuvwxyz","fhhabcdefghijklmnopqrstuvwxyz","fhiabcdefghijklmnopqrstuvwxyz","fhjabcdefghijklmnopqrstuvwxyz","fiaabcdefghijklmnopqrstuvwxyz","fibabcdefghijklmnopqrstuvwxyz","ficabcdefghijklmnopqrstuvwxyz","fidabcdefghijklmnopqrstuvwxyz","fieabcdefghijklmnopqrstuvwxyz","fifabcdefghijklmnopqrstuvwxyz","figabcdefghijklmnopqrstuvwxyz","fihabcdefghijklmnopqrstuvwxyz","fiiabcdefghijklmnopqrstuvwxyz","fijabcdefghijklmnopqrstuvwxyz","fjaabcdefghijklmnopqrstuvwxyz","fjbabcdefghijklmnopqrstuvwxyz","fjcabcdefghijklmnopqrstuvwxyz","fjdabcdefghijklmnopqrstuvwxyz","fjeabcdefghijklmnopqrstuvwxyz","fjfabcdefghijklmnopqrstuvwxyz","fjgabcdefghijklmnopqrstuvwxyz","fjhabcdefghijklmnopqrstuvwxyz","fjiabcdefghijklmnopqrstuvwxyz","fjjabcdefghijklmnopqrstuvwxyz","gaaabcdefghijklmnopqrstuvwxyz","gababcdefghijklmnopqrstuvwxyz","gacabcdefghijklmnopqrstuvwxyz","gadabcdefghijklmnopqrstuvwxyz","gaeabcdefghijklmnopqrstuvwxyz","gafabcdefghijklmnopqrstuvwxyz","gagabcdefghijklmnopqrstuvwxyz","gahabcdefghijklmnopqrstuvwxyz","gaiabcdefghijklmnopqrstuvwxyz","gajabcdefghijklmnopqrstuvwxyz","gbaabcdefghijklmnopqrstuvwxyz","gbbabcdefghijklmnopqrstuvwxyz","gbcabcdefghijklmnopqrstuvwxyz","gbdabcdefghijklmnopqrstuvwxyz","gbeabcdefghijklmnopqrstuvwxyz","gbfabcdefghijklmnopqrstuvwxyz","gbgabcdefghijklmnopqrstuvwxyz","gbhabcdefghijklmnopqrstuvwxyz","gbiabcdefghijklmnopqrstuvwxyz","gbjabcdefghijklmnopqrstuvwxyz","gcaabcdefghijklmnopqrstuvwxyz","gcbabcdefghijklmnopqrstuvwxyz","gccabcdefghijklmnopqrstuvwxyz","gcdabcdefghijklmnopqrstuvwxyz","gceabcdefghijklmnopqrstuvwxyz","gcfabcdefghijklmnopqrstuvwxyz","gcgabcdefghijklmnopqrstuvwxyz","gchabcdefghijklmnopqrstuvwxyz","gciabcdefghijklmnopqrstuvwxyz","gcjabcdefghijklmnopqrstuvwxyz","gdaabcdefghijklmnopqrstuvwxyz","gdbabcdefghijklmnopqrstuvwxyz","gdcabcdefghijklmnopqrstuvwxyz","gddabcdefghijklmnopqrstuvwxyz","gdeabcdefghijklmnopqrstuvwxyz","gdfabcdefghijklmnopqrstuvwxyz","gdgabcdefghijklmnopqrstuvwxyz","gdhabcdefghijklmnopqrstuvwxyz","gdiabcdefghijklmnopqrstuvwxyz","gdjabcdefghijklmnopqrstuvwxyz","geaabcdefghijklmnopqrstuvwxyz","gebabcdefghijklmnopqrstuvwxyz","gecabcdefghijklmnopqrstuvwxyz","gedabcdefghijklmnopqrstuvwxyz","geeabcdefghijklmnopqrstuvwxyz","gefabcdefghijklmnopqrstuvwxyz","gegabcdefghijklmnopqrstuvwxyz","gehabcdefghijklmnopqrstuvwxyz","geiabcdefghijklmnopqrstuvwxyz","gejabcdefghijklmnopqrstuvwxyz","gfaabcdefghijklmnopqrstuvwxyz","gfbabcdefghijklmnopqrstuvwxyz","gfcabcdefghijklmnopqrstuvwxyz","gfdabcdefghijklmnopqrstuvwxyz","gfeabcdefghijklmnopqrstuvwxyz","gffabcdefghijklmnopqrstuvwxyz","gfgabcdefghijklmnopqrstuvwxyz","gfhabcdefghijklmnopqrstuvwxyz","gfiabcdefghijklmnopqrstuvwxyz","gfjabcdefghijklmnopqrstuvwxyz","ggaabcdefghijklmnopqrstuvwxyz","ggbabcdefghijklmnopqrstuvwxyz","ggcabcdefghijklmnopqrstuvwxyz","ggdabcdefghijklmnopqrstuvwxyz","ggeabcdefghijklmnopqrstuvwxyz","ggfabcdefghijklmnopqrstuvwxyz","gggabcdefghijklmnopqrstuvwxyz","gghabcdefghijklmnopqrstuvwxyz","ggiabcdefghijklmnopqrstuvwxyz","ggjabcdefghijklmnopqrstuvwxyz","ghaabcdefghijklmnopqrstuvwxyz","ghbabcdefghijklmnopqrstuvwxyz","ghcabcdefghijklmnopqrstuvwxyz","ghdabcdefghijklmnopqrstuvwxyz","gheabcdefghijklmnopqrstuvwxyz","ghfabcdefghijklmnopqrstuvwxyz","ghgabcdefghijklmnopqrstuvwxyz","ghhabcdefghijklmnopqrstuvwxyz","ghiabcdefghijklmnopqrstuvwxyz","ghjabcdefghijklmnopqrstuvwxyz","giaabcdefghijklmnopqrstuvwxyz","gibabcdefghijklmnopqrstuvwxyz","gicabcdefghijklmnopqrstuvwxyz","gidabcdefghijklmnopqrstuvwxyz","gieabcdefghijklmnopqrstuvwxyz","gifabcdefghijklmnopqrstuvwxyz","gigabcdefghijklmnopqrstuvwxyz","gihabcdefghijklmnopqrstuvwxyz","giiabcdefghijklmnopqrstuvwxyz","gijabcdefghijklmnopqrstuvwxyz","gjaabcdefghijklmnopqrstuvwxyz","gjbabcdefghijklmnopqrstuvwxyz","gjcabcdefghijklmnopqrstuvwxyz","gjdabcdefghijklmnopqrstuvwxyz","gjeabcdefghijklmnopqrstuvwxyz","gjfabcdefghijklmnopqrstuvwxyz","gjgabcdefghijklmnopqrstuvwxyz","gjhabcdefghijklmnopqrstuvwxyz","gjiabcdefghijklmnopqrstuvwxyz","gjjabcdefghijklmnopqrstuvwxyz","haaabcdefghijklmnopqrstuvwxyz","hababcdefghijklmnopqrstuvwxyz","hacabcdefghijklmnopqrstuvwxyz","hadabcdefghijklmnopqrstuvwxyz","haeabcdefghijklmnopqrstuvwxyz","hafabcdefghijklmnopqrstuvwxyz","hagabcdefghijklmnopqrstuvwxyz","hahabcdefghijklmnopqrstuvwxyz","haiabcdefghijklmnopqrstuvwxyz","hajabcdefghijklmnopqrstuvwxyz","hbaabcdefghijklmnopqrstuvwxyz","hbbabcdefghijklmnopqrstuvwxyz","hbcabcdefghijklmnopqrstuvwxyz","hbdabcdefghijklmnopqrstuvwxyz","hbeabcdefghijklmnopqrstuvwxyz","hbfabcdefghijklmnopqrstuvwxyz","hbgabcdefghijklmnopqrstuvwxyz","hbhabcdefghijklmnopqrstuvwxyz","hbiabcdefghijklmnopqrstuvwxyz","hbjabcdefghijklmnopqrstuvwxyz","hcaabcdefghijklmnopqrstuvwxyz","hcbabcdefghijklmnopqrstuvwxyz","hccabcdefghijklmnopqrstuvwxyz","hcdabcdefghijklmnopqrstuvwxyz","hceabcdefghijklmnopqrstuvwxyz","hcfabcdefghijklmnopqrstuvwxyz","hcgabcdefghijklmnopqrstuvwxyz","hchabcdefghijklmnopqrstuvwxyz","hciabcdefghijklmnopqrstuvwxyz","hcjabcdefghijklmnopqrstuvwxyz","hdaabcdefghijklmnopqrstuvwxyz","hdbabcdefghijklmnopqrstuvwxyz","hdcabcdefghijklmnopqrstuvwxyz","hddabcdefghijklmnopqrstuvwxyz","hdeabcdefghijklmnopqrstuvwxyz","hdfabcdefghijklmnopqrstuvwxyz","hdgabcdefghijklmnopqrstuvwxyz","hdhabcdefghijklmnopqrstuvwxyz","hdiabcdefghijklmnopqrstuvwxyz","hdjabcdefghijklmnopqrstuvwxyz","heaabcdefghijklmnopqrstuvwxyz","hebabcdefghijklmnopqrstuvwxyz","hecabcdefghijklmnopqrstuvwxyz","hedabcdefghijklmnopqrstuvwxyz","heeabcdefghijklmnopqrstuvwxyz","hefabcdefghijklmnopqrstuvwxyz","hegabcdefghijklmnopqrstuvwxyz","hehabcdefghijklmnopqrstuvwxyz","heiabcdefghijklmnopqrstuvwxyz","hejabcdefghijklmnopqrstuvwxyz","hfaabcdefghijklmnopqrstuvwxyz","hfbabcdefghijklmnopqrstuvwxyz","hfcabcdefghijklmnopqrstuvwxyz","hfdabcdefghijklmnopqrstuvwxyz","hfeabcdefghijklmnopqrstuvwxyz","hffabcdefghijklmnopqrstuvwxyz","hfgabcdefghijklmnopqrstuvwxyz","hfhabcdefghijklmnopqrstuvwxyz","hfiabcdefghijklmnopqrstuvwxyz","hfjabcdefghijklmnopqrstuvwxyz","hgaabcdefghijklmnopqrstuvwxyz","hgbabcdefghijklmnopqrstuvwxyz","hgcabcdefghijklmnopqrstuvwxyz","hgdabcdefghijklmnopqrstuvwxyz","hgeabcdefghijklmnopqrstuvwxyz","hgfabcdefghijklmnopqrstuvwxyz","hggabcdefghijklmnopqrstuvwxyz","hghabcdefghijklmnopqrstuvwxyz","hgiabcdefghijklmnopqrstuvwxyz","hgjabcdefghijklmnopqrstuvwxyz","hhaabcdefghijklmnopqrstuvwxyz","hhbabcdefghijklmnopqrstuvwxyz","hhcabcdefghijklmnopqrstuvwxyz","hhdabcdefghijklmnopqrstuvwxyz","hheabcdefghijklmnopqrstuvwxyz","hhfabcdefghijklmnopqrstuvwxyz","hhgabcdefghijklmnopqrstuvwxyz","hhhabcdefghijklmnopqrstuvwxyz","hhiabcdefghijklmnopqrstuvwxyz","hhjabcdefghijklmnopqrstuvwxyz","hiaabcdefghijklmnopqrstuvwxyz","hibabcdefghijklmnopqrstuvwxyz","hicabcdefghijklmnopqrstuvwxyz","hidabcdefghijklmnopqrstuvwxyz","hieabcdefghijklmnopqrstuvwxyz","hifabcdefghijklmnopqrstuvwxyz","higabcdefghijklmnopqrstuvwxyz","hihabcdefghijklmnopqrstuvwxyz","hiiabcdefghijklmnopqrstuvwxyz","hijabcdefghijklmnopqrstuvwxyz","hjaabcdefghijklmnopqrstuvwxyz","hjbabcdefghijklmnopqrstuvwxyz","hjcabcdefghijklmnopqrstuvwxyz","hjdabcdefghijklmnopqrstuvwxyz","hjeabcdefghijklmnopqrstuvwxyz","hjfabcdefghijklmnopqrstuvwxyz","hjgabcdefghijklmnopqrstuvwxyz","hjhabcdefghijklmnopqrstuvwxyz","hjiabcdefghijklmnopqrstuvwxyz","hjjabcdefghijklmnopqrstuvwxyz","iaaabcdefghijklmnopqrstuvwxyz","iababcdefghijklmnopqrstuvwxyz","iacabcdefghijklmnopqrstuvwxyz","iadabcdefghijklmnopqrstuvwxyz","iaeabcdefghijklmnopqrstuvwxyz","iafabcdefghijklmnopqrstuvwxyz","iagabcdefghijklmnopqrstuvwxyz","iahabcdefghijklmnopqrstuvwxyz","iaiabcdefghijklmnopqrstuvwxyz","iajabcdefghijklmnopqrstuvwxyz","ibaabcdefghijklmnopqrstuvwxyz","ibbabcdefghijklmnopqrstuvwxyz","ibcabcdefghijklmnopqrstuvwxyz","ibdabcdefghijklmnopqrstuvwxyz","ibeabcdefghijklmnopqrstuvwxyz","ibfabcdefghijklmnopqrstuvwxyz","ibgabcdefghijklmnopqrstuvwxyz","ibhabcdefghijklmnopqrstuvwxyz","ibiabcdefghijklmnopqrstuvwxyz","ibjabcdefghijklmnopqrstuvwxyz","icaabcdefghijklmnopqrstuvwxyz","icbabcdefghijklmnopqrstuvwxyz","iccabcdefghijklmnopqrstuvwxyz","icdabcdefghijklmnopqrstuvwxyz","iceabcdefghijklmnopqrstuvwxyz","icfabcdefghijklmnopqrstuvwxyz","icgabcdefghijklmnopqrstuvwxyz","ichabcdefghijklmnopqrstuvwxyz","iciabcdefghijklmnopqrstuvwxyz","icjabcdefghijklmnopqrstuvwxyz","idaabcdefghijklmnopqrstuvwxyz","idbabcdefghijklmnopqrstuvwxyz","idcabcdefghijklmnopqrstuvwxyz","iddabcdefghijklmnopqrstuvwxyz","ideabcdefghijklmnopqrstuvwxyz","idfabcdefghijklmnopqrstuvwxyz","idgabcdefghijklmnopqrstuvwxyz","idhabcdefghijklmnopqrstuvwxyz","idiabcdefghijklmnopqrstuvwxyz","idjabcdefghijklmnopqrstuvwxyz","ieaabcdefghijklmnopqrstuvwxyz","iebabcdefghijklmnopqrstuvwxyz","iecabcdefghijklmnopqrstuvwxyz","iedabcdefghijklmnopqrstuvwxyz","ieeabcdefghijklmnopqrstuvwxyz","iefabcdefghijklmnopqrstuvwxyz","iegabcdefghijklmnopqrstuvwxyz","iehabcdefghijklmnopqrstuvwxyz","ieiabcdefghijklmnopqrstuvwxyz","iejabcdefghijklmnopqrstuvwxyz","ifaabcdefghijklmnopqrstuvwxyz","ifbabcdefghijklmnopqrstuvwxyz","ifcabcdefghijklmnopqrstuvwxyz","ifdabcdefghijklmnopqrstuvwxyz","ifeabcdefghijklmnopqrstuvwxyz","iffabcdefghijklmnopqrstuvwxyz","ifgabcdefghijklmnopqrstuvwxyz","ifhabcdefghijklmnopqrstuvwxyz","ifiabcdefghijklmnopqrstuvwxyz","ifjabcdefghijklmnopqrstuvwxyz","igaabcdefghijklmnopqrstuvwxyz","igbabcdefghijklmnopqrstuvwxyz","igcabcdefghijklmnopqrstuvwxyz","igdabcdefghijklmnopqrstuvwxyz","igeabcdefghijklmnopqrstuvwxyz","igfabcdefghijklmnopqrstuvwxyz","iggabcdefghijklmnopqrstuvwxyz","ighabcdefghijklmnopqrstuvwxyz","igiabcdefghijklmnopqrstuvwxyz","igjabcdefghijklmnopqrstuvwxyz","ihaabcdefghijklmnopqrstuvwxyz","ihbabcdefghijklmnopqrstuvwxyz","ihcabcdefghijklmnopqrstuvwxyz","ihdabcdefghijklmnopqrstuvwxyz","iheabcdefghijklmnopqrstuvwxyz","ihfabcdefghijklmnopqrstuvwxyz","ihgabcdefghijklmnopqrstuvwxyz","ihhabcdefghijklmnopqrstuvwxyz","ihiabcdefghijklmnopqrstuvwxyz","ihjabcdefghijklmnopqrstuvwxyz","iiaabcdefghijklmnopqrstuvwxyz","iibabcdefghijklmnopqrstuvwxyz","iicabcdefghijklmnopqrstuvwxyz","iidabcdefghijklmnopqrstuvwxyz","iieabcdefghijklmnopqrstuvwxyz","iifabcdefghijklmnopqrstuvwxyz","iigabcdefghijklmnopqrstuvwxyz","iihabcdefghijklmnopqrstuvwxyz","iiiabcdefghijklmnopqrstuvwxyz","iijabcdefghijklmnopqrstuvwxyz","ijaabcdefghijklmnopqrstuvwxyz","ijbabcdefghijklmnopqrstuvwxyz","ijcabcdefghijklmnopqrstuvwxyz","ijdabcdefghijklmnopqrstuvwxyz","ijeabcdefghijklmnopqrstuvwxyz","ijfabcdefghijklmnopqrstuvwxyz","ijgabcdefghijklmnopqrstuvwxyz","ijhabcdefghijklmnopqrstuvwxyz","ijiabcdefghijklmnopqrstuvwxyz","ijjabcdefghijklmnopqrstuvwxyz","jaaabcdefghijklmnopqrstuvwxyz","jababcdefghijklmnopqrstuvwxyz","jacabcdefghijklmnopqrstuvwxyz","jadabcdefghijklmnopqrstuvwxyz","jaeabcdefghijklmnopqrstuvwxyz","jafabcdefghijklmnopqrstuvwxyz","jagabcdefghijklmnopqrstuvwxyz","jahabcdefghijklmnopqrstuvwxyz","jaiabcdefghijklmnopqrstuvwxyz","jajabcdefghijklmnopqrstuvwxyz","jbaabcdefghijklmnopqrstuvwxyz","jbbabcdefghijklmnopqrstuvwxyz","jbcabcdefghijklmnopqrstuvwxyz","jbdabcdefghijklmnopqrstuvwxyz","jbeabcdefghijklmnopqrstuvwxyz","jbfabcdefghijklmnopqrstuvwxyz","jbgabcdefghijklmnopqrstuvwxyz","jbhabcdefghijklmnopqrstuvwxyz","jbiabcdefghijklmnopqrstuvwxyz","jbjabcdefghijklmnopqrstuvwxyz","jcaabcdefghijklmnopqrstuvwxyz","jcbabcdefghijklmnopqrstuvwxyz","jccabcdefghijklmnopqrstuvwxyz","jcdabcdefghijklmnopqrstuvwxyz","jceabcdefghijklmnopqrstuvwxyz","jcfabcdefghijklmnopqrstuvwxyz","jcgabcdefghijklmnopqrstuvwxyz","jchabcdefghijklmnopqrstuvwxyz","jciabcdefghijklmnopqrstuvwxyz","jcjabcdefghijklmnopqrstuvwxyz","jdaabcdefghijklmnopqrstuvwxyz","jdbabcdefghijklmnopqrstuvwxyz","jdcabcdefghijklmnopqrstuvwxyz","jddabcdefghijklmnopqrstuvwxyz","jdeabcdefghijklmnopqrstuvwxyz","jdfabcdefghijklmnopqrstuvwxyz","jdgabcdefghijklmnopqrstuvwxyz","jdhabcdefghijklmnopqrstuvwxyz","jdiabcdefghijklmnopqrstuvwxyz","jdjabcdefghijklmnopqrstuvwxyz","jeaabcdefghijklmnopqrstuvwxyz","jebabcdefghijklmnopqrstuvwxyz","jecabcdefghijklmnopqrstuvwxyz","jedabcdefghijklmnopqrstuvwxyz","jeeabcdefghijklmnopqrstuvwxyz","jefabcdefghijklmnopqrstuvwxyz","jegabcdefghijklmnopqrstuvwxyz","jehabcdefghijklmnopqrstuvwxyz","jeiabcdefghijklmnopqrstuvwxyz","jejabcdefghijklmnopqrstuvwxyz","jfaabcdefghijklmnopqrstuvwxyz","jfbabcdefghijklmnopqrstuvwxyz","jfcabcdefghijklmnopqrstuvwxyz","jfdabcdefghijklmnopqrstuvwxyz","jfeabcdefghijklmnopqrstuvwxyz","jffabcdefghijklmnopqrstuvwxyz","jfgabcdefghijklmnopqrstuvwxyz","jfhabcdefghijklmnopqrstuvwxyz","jfiabcdefghijklmnopqrstuvwxyz","jfjabcdefghijklmnopqrstuvwxyz","jgaabcdefghijklmnopqrstuvwxyz","jgbabcdefghijklmnopqrstuvwxyz","jgcabcdefghijklmnopqrstuvwxyz","jgdabcdefghijklmnopqrstuvwxyz","jgeabcdefghijklmnopqrstuvwxyz","jgfabcdefghijklmnopqrstuvwxyz","jggabcdefghijklmnopqrstuvwxyz","jghabcdefghijklmnopqrstuvwxyz","jgiabcdefghijklmnopqrstuvwxyz","jgjabcdefghijklmnopqrstuvwxyz","jhaabcdefghijklmnopqrstuvwxyz","jhbabcdefghijklmnopqrstuvwxyz","jhcabcdefghijklmnopqrstuvwxyz","jhdabcdefghijklmnopqrstuvwxyz","jheabcdefghijklmnopqrstuvwxyz","jhfabcdefghijklmnopqrstuvwxyz","jhgabcdefghijklmnopqrstuvwxyz","jhhabcdefghijklmnopqrstuvwxyz","jhiabcdefghijklmnopqrstuvwxyz","jhjabcdefghijklmnopqrstuvwxyz","jiaabcdefghijklmnopqrstuvwxyz","jibabcdefghijklmnopqrstuvwxyz","jicabcdefghijklmnopqrstuvwxyz","jidabcdefghijklmnopqrstuvwxyz","jieabcdefghijklmnopqrstuvwxyz","jifabcdefghijklmnopqrstuvwxyz","jigabcdefghijklmnopqrstuvwxyz","jihabcdefghijklmnopqrstuvwxyz","jiiabcdefghijklmnopqrstuvwxyz","jijabcdefghijklmnopqrstuvwxyz","jjaabcdefghijklmnopqrstuvwxyz","jjbabcdefghijklmnopqrstuvwxyz","jjcabcdefghijklmnopqrstuvwxyz","jjdabcdefghijklmnopqrstuvwxyz","jjeabcdefghijklmnopqrstuvwxyz","jjfabcdefghijklmnopqrstuvwxyz","jjgabcdefghijklmnopqrstuvwxyz","jjhabcdefghijklmnopqrstuvwxyz","jjiabcdefghijklmnopqrstuvwxyz","jjjabcdefghijklmnopqrstuvwxyz"]