   1  11.08  11.08  data/dmg_01
   2  11.68  11.38  data/dmg_02
   3   9.98  10.92  data/dmg_03
   4  11.02  10.94  data/dmg_04
   5   9.86  10.72  data/dmg_05
   6  10.64  10.71  data/dmg_06
