This
BinArray 1 ok
This
is
a
simple
test.
This
This
is
a
simple
test.
BinArray 2 ok
