aaaaaaaaaaaaaaaaaaaa1234567890aaaaaaaaaaaaaaaaaaaa
