0xffffffffffff
0xffffffff
0xfffff
0xfff
281474976710655
4294967295
1048575
4095
