()
createDirectoryIfMissing001.d/a: createDirectory: does not exist (No such file or directory)
()
()
()
()
