Left createDirectory001.dir: createDirectory: already exists (File exists)
