getDirContents002: nonexistent: getDirectoryContents: does not exist (No such file or directory)
