281474976710655
1
1048575
-4095
281474976710655
1
1048575
-4095
