(Foo{foo=1,bar=99},Foo{foo=(),bar=99},Foo{foo=True,bar=99})
(Foo{foo=1,bar=99},Foo{foo=(),bar=99},Foo{foo=True,bar=99})
